<html>
<body>
<pre>
<h1>µVision Build Log</h1>
<h2>Tool Versions:</h2>
IDE-Version: ¦ÌVision V5.27.1.0
Copyright (C) 2019 ARM Ltd and ARM Germany GmbH. All rights reserved.
License Information: yx z, 456567856, LIC=MPPMM-XYZQD-CXJU6-D3257-ZHPE6-7L8QJ
 
Tool Versions:
Toolchain:       MDK-ARM Plus  Version: 5.25.2.0
Toolchain Path:  D:\Keil5\ARM\ARMCC\Bin
C Compiler:      Armcc.exe V5.06 update 6 (build 750)
Assembler:       Armasm.exe V5.06 update 6 (build 750)
Linker/Locator:  ArmLink.exe V5.06 update 6 (build 750)
Library Manager: ArmAr.exe V5.06 update 6 (build 750)
Hex Converter:   FromElf.exe V5.06 update 6 (build 750)
CPU DLL:         SARMCM3.DLL V5.25.2.0
Dialog DLL:      DCM.DLL V1.17.1.0
Target DLL:      STLink\ST-LINKIII-KEIL_SWO.dll V3.0.1.0
Dialog DLL:      TCM.DLL V1.35.1.0
 
<h2>Project:</h2>
C:\Users\yuxia\Desktop\sigfox_test\sigfox_test.uvprojx
Project File Date:  09/24/2019

<h2>Output:</h2>
*** Using Compiler 'V5.06 update 6 (build 750)', folder: 'D:\Keil5\ARM\ARMCC\Bin'
Rebuild target 'sigfox_test'
compiling main.cpp...
Sigfox.h(31): warning:  #1-D: last line of file ends without a newline
  #endif
main.cpp(17): warning:  #1-D: last line of file ends without a newline
  }
main.cpp: 2 warnings, 0 errors
compiling Sigfox.cpp...
Sigfox.h(31): warning:  #1-D: last line of file ends without a newline
  #endif
Sigfox.cpp(28): warning:  #1-D: last line of file ends without a newline
  }
Sigfox.cpp: 2 warnings, 0 errors
linking...
.\BUILD\sigfox_test.axf: Warning: L6320W: Ignoring --keep command. Cannot find argument 'os_cb_sections'.
Program Size: Code=28542 RO-data=2734 RW-data=176 ZI-data=1624  
Finished: 0 information, 1 warning and 0 error messages.
".\BUILD\sigfox_test.axf" - 0 Error(s), 5 Warning(s).

<h2>Software Packages used:</h2>

Package Vendor: Keil
                http://www.keil.com/pack/Keil.STM32L4xx_DFP.2.2.0.pack
                Keil.STM32L4xx_DFP.2.2.0
                STMicroelectronics STM32L4 Series Device Support, Drivers and Examples

<h2>Collection of Component include folders:</h2>
  .\RTE\_sigfox_test
  D:\Keil5\ARM\PACK\Keil\STM32L4xx_DFP\2.2.0\Drivers\CMSIS\Device\ST\STM32L4xx\Include

<h2>Collection of Component Files used:</h2>
Build Time Elapsed:  00:00:01
</pre>
</body>
</html>
